
          -------------------------------------------------------
          Amber 14 SANDER                              2014
          -------------------------------------------------------

| Run on 12/14/2016 at 11:46:16

|   Executable path: sander
| Working directory: /home/kruse/Sync/Code/intermolFF/test
|          Hostname: simien

  [-O]verwriting output

File Assignments:
|  MDIN: mm.in                                                                 
| MDOUT: 30box.out                                                             
|INPCRD: 30box.crd                                                             
|  PARM: 30box.top                                                             
|RESTRT: restrt                                                                
|  REFC: refc                                                                  
| MDVEL: mdvel                                                                 
| MDFRC: mdfrc                                                                 
|  MDEN: mden                                                                  
| MDCRD: mdcrd                                                                 
|MDINFO: mdinfo                                                                
|  MTMD: mtmd                                                                  
|INPDIP: inpdip                                                                
|RSTDIP: rstdip                                                                
|INPTRA: inptraj                                                               


 Here is the input file:

**************************                                                     
gas phase input                                                                
&cntrl                                                                         
imin=0, ntx=1,                                                                 
ntb=0, ntc=1, ntf=1,                                                           
cut = 999                                                                      
&end                                                                           
                                                                               

--------------------------------------------------------------------------------
   1.  RESOURCE   USE: 
--------------------------------------------------------------------------------

| Flags:                                                                        
|    NONPERIODIC   ntb=0 and igb=0: Setting up nonperiodic simulation
|  *** cutoff > system size, list only builds once
|Largest sphere to fit in unit cell has radius =    61.657
| New format PARM file being parsed.
| Version =    1.000 Date = 12/14/16 Time = 11:46:09
 NATOM  =   24012 NTYPES =       2 NBONH =   24012 MBONA  =       0
 NTHETH =       0 MTHETA =       0 NPHIH =       0 MPHIA  =       0
 NHPARM =       0 NPARM  =       0 NNB   =   32016 NRES   =    8004
 NBONA  =       0 NTHETA =       0 NPHIA =       0 NUMBND =       2
 NUMANG =       0 NPTRA  =       0 NATYP =       2 NPHB   =       1
 IFBOX  =       1 NMXRS  =       3 IFCAP =       0 NEXTRA =       0
 NCOPY  =       0


|     Memory Use     Allocated
|     Real             1589709
|     Hollerith          80042
|     Integer          1716857
|     Max Pairs      288276066
|     nblistReal        288144
|     nblist Int       7072871
|       Total          1175396 kbytes

| Note: 1-4 EEL scale factors are being read from the topology file.

| Note: 1-4 VDW scale factors are being read from the topology file.
| Duplicated    0 dihedrals
| Duplicated    0 dihedrals

     BOX TYPE: RECTILINEAR

--------------------------------------------------------------------------------
   2.  CONTROL  DATA  FOR  THE  RUN
--------------------------------------------------------------------------------

TP3                                                                             

General flags:
     imin    =       0, nmropt  =       0

Nature and format of input:
     ntx     =       1, irest   =       0, ntrx    =       1

Nature and format of output:
     ntxo    =       1, ntpr    =      50, ntrx    =       1, ntwr    =     500
     iwrap   =       0, ntwx    =       0, ntwv    =       0, ntwe    =       0
     ioutfm  =       0, ntwprt  =       0, idecomp =       0, rbornstat=      0

Potential function:
     ntf     =       1, ntb     =       0, igb     =       0, nsnb    =      25
     ipol    =       0, gbsa    =       0, iesp    =       0
     dielc   =   1.00000, cut     = 999.00000, intdiel =   1.00000

Frozen or restrained atoms:
     ibelly  =       0, ntr     =       0

Molecular dynamics:
     nstlim  =         1, nscm    =      1000, nrespa  =         1
     t       =   0.00000, dt      =   0.00100, vlimit  =  20.00000
|  INFO: Old style inpcrd file read


--------------------------------------------------------------------------------
   3.  ATOMIC COORDINATES AND VELOCITIES
--------------------------------------------------------------------------------

TP3                                                                             
 begin time read from input coords =     0.000 ps

 Number of triangulated 3-point waters found:     8004

     Sum of charges from parm topology file =   0.00000000
     Forcing neutrality...

--------------------------------------------------------------------------------
   4.  RESULTS
--------------------------------------------------------------------------------

|  # of SOLUTE  degrees of freedom (RNDFP):   72036.
|  # of SOLVENT degrees of freedom (RNDFS):       0.
|  NDFMIN =   72030.     NUM_NOSHAKE =      0     CORRECTED RNDFP =   72030.
|  TOTAL # of degrees of freedom (RNDF) =   72030.
 ---------------------------------------------------

     eedmeth=4: Setting switch to one everywhere

 ---------------------------------------------------
| Local SIZE OF NONBOND LIST =  288252054
| TOTAL SIZE OF NONBOND LIST =  288252054

 NSTEP =        0   TIME(PS) =       0.000  TEMP(K) =     0.00  PRESS =     0.0
 Etot   =    -70112.4330  EKtot   =         0.0000  EPtot      =    -70112.4330
 BOND   =         0.3862  ANGLE   =         0.0000  DIHED      =         0.0000
 1-4 NB =         0.0000  1-4 EEL =         0.0000  VDWAALS    =      8504.5397
 EELEC  =    -78617.3588  EHBOND  =         0.0000  RESTRAINT  =         0.0000
 ------------------------------------------------------------------------------


      A V E R A G E S   O V E R       1 S T E P S


 NSTEP =        1   TIME(PS) =       0.001  TEMP(K) =     0.00  PRESS =     0.0
 Etot   =    -70112.4330  EKtot   =         0.0000  EPtot      =    -70112.4330
 BOND   =         0.3862  ANGLE   =         0.0000  DIHED      =         0.0000
 1-4 NB =         0.0000  1-4 EEL =         0.0000  VDWAALS    =      8504.5397
 EELEC  =    -78617.3588  EHBOND  =         0.0000  RESTRAINT  =         0.0000
 ------------------------------------------------------------------------------


      R M S  F L U C T U A T I O N S


 NSTEP =        1   TIME(PS) =       0.001  TEMP(K) =     0.00  PRESS =     0.0
 Etot   =         0.0000  EKtot   =         0.0000  EPtot      =         0.0000
 BOND   =         0.0000  ANGLE   =         0.0000  DIHED      =         0.0000
 1-4 NB =         0.0000  1-4 EEL =         0.0000  VDWAALS    =         0.0000
 EELEC  =         0.0000  EHBOND  =         0.0000  RESTRAINT  =         0.0000
|E(PBS) =         0.0000
 ------------------------------------------------------------------------------


--------------------------------------------------------------------------------
   5.  TIMINGS
--------------------------------------------------------------------------------

|    Read coords time           0.03 ( 0.14% of Total)
|                Build the list             3.36 (100.0% of List )
|                Other                      0.00 ( 0.02% of List )
|             List time                  3.36 (16.22% of Nonbo)
|                   Short_ene time            17.37 (100.0% of Direc)
|                Direct Ewald time         17.37 (100.0% of Ewald)
|             Ewald time                17.37 (83.78% of Nonbo)
|          Nonbond force             20.74 (98.95% of Force)
|          Other                      0.22 ( 1.05% of Force)
|       Force time                20.96 (99.44% of Runmd)
|       Verlet update time         0.12 ( 0.55% of Runmd)
|       Other                      0.00 ( 0.01% of Runmd)
|    Runmd Time                21.08 (98.72% of Total)
|    Other                      0.24 ( 1.14% of Total)
| Total time                21.35 (100.0% of ALL  )

| Number of list builds   :          1

| Highest rstack allocated:      80030
| Highest istack allocated:      16006

| Final Performance Info:
| -----------------------------------------------------
| Average timings for all steps:
|     Elapsed(s) =      21.08 Per Step(ms) =   21075.63
|         ns/day =       0.00   seconds/ns = **********
| -----------------------------------------------------

|           Job began  at 11:46:16.918  on 12/14/2016
|           Setup done at 11:46:17.191  on 12/14/2016
|           Run   done at 11:46:38.267  on 12/14/2016
|     wallclock() was called      65 times
