
          -------------------------------------------------------
          Amber 14 SANDER                              2014
          -------------------------------------------------------

| Run on 12/02/2016 at 12:07:18

|   Executable path: sander
| Working directory: /home/kruse/Sync/Code/intermolFF/test
|          Hostname: simien

  [-O]verwriting output

File Assignments:
|  MDIN: mm.in                                                                 
| MDOUT: mm_t.out                                                              
|INPCRD: t.crd                                                                 
|  PARM: t.top                                                                 
|RESTRT: restrt                                                                
|  REFC: refc                                                                  
| MDVEL: mdvel                                                                 
| MDFRC: mdfrc                                                                 
|  MDEN: mden                                                                  
| MDCRD: mdcrd                                                                 
|MDINFO: mdinfo                                                                
|  MTMD: mtmd                                                                  
|INPDIP: inpdip                                                                
|RSTDIP: rstdip                                                                
|INPTRA: inptraj                                                               


 Here is the input file:

**************************                                                     
gas phase input                                                                
&cntrl                                                                         
imin=0, ntx=1,                                                                 
ntb=0, ntc=1, ntf=1,                                                           
cut = 999                                                                      
&end                                                                           
                                                                               

--------------------------------------------------------------------------------
   1.  RESOURCE   USE: 
--------------------------------------------------------------------------------

| Flags:                                                                        
|    NONPERIODIC   ntb=0 and igb=0: Setting up nonperiodic simulation
|  *** cutoff > system size, list only builds once
|Largest sphere to fit in unit cell has radius =    30.632
| New format PARM file being parsed.
| Version =    1.000 Date = 12/02/16 Time = 11:28:22
 NATOM  =       6 NTYPES =       2 NBONH =       6 MBONA  =       0
 NTHETH =       0 MTHETA =       0 NPHIH =       0 MPHIA  =       0
 NHPARM =       0 NPARM  =       0 NNB   =       8 NRES   =       2
 NBONA  =       0 NTHETA =       0 NPHIA =       0 NUMBND =       2
 NUMANG =       0 NPTRA  =       0 NATYP =       2 NPHB   =       1
 IFBOX  =       0 NMXRS  =       3 IFCAP =       0 NEXTRA =       0
 NCOPY  =       0


|     Memory Use     Allocated
|     Real                2319
|     Hollerith             22
|     Integer            20433
|     Max Pairs             15
|     nblistReal            72
|     nblist Int        799753
|       Total             3222 kbytes

| Note: 1-4 EEL scale factors are being read from the topology file.

| Note: 1-4 VDW scale factors are being read from the topology file.
| Duplicated    0 dihedrals
| Duplicated    0 dihedrals

--------------------------------------------------------------------------------
   2.  CONTROL  DATA  FOR  THE  RUN
--------------------------------------------------------------------------------

default_name                                                                    

General flags:
     imin    =       0, nmropt  =       0

Nature and format of input:
     ntx     =       1, irest   =       0, ntrx    =       1

Nature and format of output:
     ntxo    =       1, ntpr    =      50, ntrx    =       1, ntwr    =     500
     iwrap   =       0, ntwx    =       0, ntwv    =       0, ntwe    =       0
     ioutfm  =       0, ntwprt  =       0, idecomp =       0, rbornstat=      0

Potential function:
     ntf     =       1, ntb     =       0, igb     =       0, nsnb    =      25
     ipol    =       0, gbsa    =       0, iesp    =       0
     dielc   =   1.00000, cut     = 999.00000, intdiel =   1.00000

Frozen or restrained atoms:
     ibelly  =       0, ntr     =       0

Molecular dynamics:
     nstlim  =         1, nscm    =      1000, nrespa  =         1
     t       =   0.00000, dt      =   0.00100, vlimit  =  20.00000
|  INFO: Old style inpcrd file read


--------------------------------------------------------------------------------
   3.  ATOMIC COORDINATES AND VELOCITIES
--------------------------------------------------------------------------------

This is t.xyz (by pdbmod)                                                       
 begin time read from input coords =     0.000 ps

 Number of triangulated 3-point waters found:        2

     Sum of charges from parm topology file =   0.00000000
     Forcing neutrality...

--------------------------------------------------------------------------------
   4.  RESULTS
--------------------------------------------------------------------------------

|  # of SOLUTE  degrees of freedom (RNDFP):      18.
|  # of SOLVENT degrees of freedom (RNDFS):       0.
|  NDFMIN =      12.     NUM_NOSHAKE =      0     CORRECTED RNDFP =      12.
|  TOTAL # of degrees of freedom (RNDF) =      12.
 ---------------------------------------------------

     eedmeth=4: Setting switch to one everywhere

 ---------------------------------------------------
| Local SIZE OF NONBOND LIST =          9
| TOTAL SIZE OF NONBOND LIST =          9

 NSTEP =        0   TIME(PS) =       0.000  TEMP(K) =     0.00  PRESS =     0.0
 Etot   =        -5.1554  EKtot   =         0.0000  EPtot      =        -5.1554
 BOND   =         0.0575  ANGLE   =         0.0000  DIHED      =         0.0000
 1-4 NB =         0.0000  1-4 EEL =         0.0000  VDWAALS    =         0.1438
 EELEC  =        -5.3568  EHBOND  =         0.0000  RESTRAINT  =         0.0000
 ------------------------------------------------------------------------------


      A V E R A G E S   O V E R       1 S T E P S


 NSTEP =        1   TIME(PS) =       0.001  TEMP(K) =     0.00  PRESS =     0.0
 Etot   =        -5.1554  EKtot   =         0.0000  EPtot      =        -5.1554
 BOND   =         0.0575  ANGLE   =         0.0000  DIHED      =         0.0000
 1-4 NB =         0.0000  1-4 EEL =         0.0000  VDWAALS    =         0.1438
 EELEC  =        -5.3568  EHBOND  =         0.0000  RESTRAINT  =         0.0000
 ------------------------------------------------------------------------------


      R M S  F L U C T U A T I O N S


 NSTEP =        1   TIME(PS) =       0.001  TEMP(K) =     0.00  PRESS =     0.0
 Etot   =         0.0000  EKtot   =         0.0000  EPtot      =         0.0000
 BOND   =         0.0000  ANGLE   =         0.0000  DIHED      =         0.0000
 1-4 NB =         0.0000  1-4 EEL =         0.0000  VDWAALS    =         0.0000
 EELEC  =         0.0000  EHBOND  =         0.0000  RESTRAINT  =         0.0000
|E(PBS) =         0.0000
 ------------------------------------------------------------------------------


--------------------------------------------------------------------------------
   5.  TIMINGS
--------------------------------------------------------------------------------

|    Read coords time           0.00 ( 5.60% of Total)
|    Fast Water setup           0.00 ( 0.34% of Total)
|                Build the list             0.00 (90.41% of List )
|                Other                      0.00 ( 9.59% of List )
|             List time                  0.00 (72.64% of Nonbo)
|                Direct Ewald time          0.00 (92.41% of Ewald)
|                Force Adjust               0.00 ( 0.96% of Ewald)
|                Virial junk                0.00 ( 0.96% of Ewald)
|                Start synchronizatio       0.00 ( 0.96% of Ewald)
|                Other                      0.00 ( 4.72% of Ewald)
|             Ewald time                 0.00 (26.38% of Nonbo)
|             Other                      0.00 ( 0.98% of Nonbo)
|          Nonbond force              0.00 (61.00% of Force)
|          Bond/Angle/Dihedral        0.00 ( 1.66% of Force)
|          Other                      0.00 (37.34% of Force)
|       Force time                 0.00 (49.03% of Runmd)
|       Verlet update time         0.00 (14.95% of Runmd)
|       Other                      0.00 (36.01% of Runmd)
|    Runmd Time                 0.00 (33.01% of Total)
|    Other                      0.00 (61.04% of Total)
| Total time                 0.00 (98.38% of ALL  )

| Number of list builds   :          1

| Highest rstack allocated:         10
| Highest istack allocated:          2

| Final Performance Info:
| -----------------------------------------------------
| Average timings for all steps:
|     Elapsed(s) =       0.00 Per Step(ms) =       1.63
|         ns/day =      53.04   seconds/ns =    1628.99
| -----------------------------------------------------

|           Job began  at 12:07:18.960  on 12/02/2016
|           Setup done at 12:07:18.963  on 12/02/2016
|           Run   done at 12:07:18.964  on 12/02/2016
|     wallclock() was called      65 times
